<?xml version="1.0"?>
<nav aria-label="breadcrumb">
  <ol class="breadcrumb">
    <li class="breadcrumb-item active">Sample 1, 2</li>
  </ol>
</nav>
