<!DOCTYPE html PUBLIC "-//W3C//DTD HTML 4.0 Transitional//EN" "http://www.w3.org/TR/REC-html40/loose.dtd">
<html><body>
<nav aria-label="breadcrumb">
        <ol class="breadcrumb">
                                                <li class="breadcrumb-item active">Sample 1, 2</li>
                                    </ol>
    </nav>
</body></html>
