<?xml version="1.0"?>
<nav class="text-black font-bold my-8" aria-label="breadcrumb">
  <ol class="list-none p-0 inline-flex">
    <li class="flex items-center">
      <a href="http://localhost">Home</a>
      <span class="mx-3">/</span>
    </li>
    <li class="flex items-center">
      <a href="#" class="text-gray-500" aria-current="page">Blog</a>
      <span class="mx-3">/</span>
    </li>
    <li class="flex items-center">
      <a href="#" class="text-gray-500" aria-current="page">Sample Category</a>
    </li>
  </ol>
</nav>
