Please check `config/breadcrumbs.php` for a valid `'view'` (e.g. `'breadcrumbs::bootstrap4'`)