For example:

```php
Route::get('posts/{post}', 'PostController@edit')->name('sample-name');
```